[stormyskitten.github.io/CookieClickerUnblocked/index.html]
[cdnjs.cloudflare.com/ajax/libs/cookieconsent2/1.0.9/cookieconsent.min.js]
[backblue.gif]
[fade.gif]
[index.html]
[stormyskitten.github.io/CookieClickerUnblocked/img/favicon.ico]
[stormyskitten.github.io/CookieClickerUnblocked/base64.js]
[stormyskitten.github.io/CookieClickerUnblocked/stylec164.css]
[stormyskitten.github.io/CookieClickerUnblocked/mainb6f5.js]
[stormyskitten.github.io/CookieClickerUnblocked/img/discord.png]
[stormyskitten.github.io/CookieClickerUnblocked/img/weeHoodie.png]
[stormyskitten.github.io/CookieClickerUnblocked/img/patreon.png]
[stormyskitten.github.io/CookieClickerUnblocked/img/heraldFlag.png]
[stormyskitten.github.io/CookieClickerUnblocked/img/tinyglobeSheet.gif]
[stormyskitten.github.io/CookieClickerUnblocked/beta]
[stormyskitten.github.io/CookieClickerUnblocked/snd/tickOff.mp3]
[stormyskitten.github.io/CookieClickerUnblocked/index.html]
[stormyskitten.github.io/CookieClickerUnblocked/img/darkNoise.jpg]
[stormyskitten.github.io/CookieClickerUnblocked/img/darkNoiseTopBar.jpg]
[stormyskitten.github.io/CookieClickerUnblocked/img/shadedBorders.png]
[stormyskitten.github.io/CookieClickerUnblocked/img/spinnyBig.png]
[stormyskitten.github.io/CookieClickerUnblocked/img/spinnySmall.png]
[stormyskitten.github.io/CookieClickerUnblocked/img/tinyglobe.gif]
[stormyskitten.github.io/CookieClickerUnblocked/img/blackGradient.png]
[stormyskitten.github.io/CookieClickerUnblocked/img/shadedBordersSoft.png]
[stormyskitten.github.io/CookieClickerUnblocked/img/frameBorder.png]
[stormyskitten.github.io/CookieClickerUnblocked/img/money.png]
[stormyskitten.github.io/CookieClickerUnblocked/img/heavenlyMoney.png]
[stormyskitten.github.io/CookieClickerUnblocked/img/sugarLump.png]
[stormyskitten.github.io/CookieClickerUnblocked/img/empty.png]
[stormyskitten.github.io/CookieClickerUnblocked/img/imperfectCookie.png]
[stormyskitten.github.io/CookieClickerUnblocked/img/cursor.png]
[stormyskitten.github.io/CookieClickerUnblocked/img/smallCookies.png]
[stormyskitten.github.io/CookieClickerUnblocked/img/panelVertical5e1f.png]
[stormyskitten.github.io/CookieClickerUnblocked/img/panelGradientTop.png]
[stormyskitten.github.io/CookieClickerUnblocked/img/panelGradientBottom.png]
[stormyskitten.github.io/CookieClickerUnblocked/img/panelHorizontal5e1f.png]
[stormyskitten.github.io/CookieClickerUnblocked/img/panelGradientLeft.png]
[stormyskitten.github.io/CookieClickerUnblocked/img/panelGradientRight.png]
[stormyskitten.github.io/CookieClickerUnblocked/img/panelMenu3.png]
[stormyskitten.github.io/CookieClickerUnblocked/img/pointGlow.gif]
[stormyskitten.github.io/CookieClickerUnblocked/img/roundedPanelBGS.png]
[stormyskitten.github.io/CookieClickerUnblocked/img/bracketPanelLeftS.png]
[stormyskitten.github.io/CookieClickerUnblocked/img/bracketPanelRightS.png]
[stormyskitten.github.io/CookieClickerUnblocked/img/prestigeBar.jpg]
[stormyskitten.github.io/CookieClickerUnblocked/img/prestigeBarCap.png]
[stormyskitten.github.io/CookieClickerUnblocked/img/mapBG.jpg]
[stormyskitten.github.io/CookieClickerUnblocked/img/infoBG.png]
[stormyskitten.github.io/CookieClickerUnblocked/img/infoBGfade.png]
[stormyskitten.github.io/CookieClickerUnblocked/img/blackGradientSmallTop.png]
[stormyskitten.github.io/CookieClickerUnblocked/img/upgradeFrame5e1f.png]
[stormyskitten.github.io/CookieClickerUnblocked/img/upgradeSelector.png]
[stormyskitten.github.io/CookieClickerUnblocked/img/pieFill.png]
[stormyskitten.github.io/CookieClickerUnblocked/img/ascendSlot.png]
[stormyskitten.github.io/CookieClickerUnblocked/img/linkPulse.gif]
[stormyskitten.github.io/CookieClickerUnblocked/img/storeTile.jpg]
[stormyskitten.github.io/CookieClickerUnblocked/img/levelUp.png]
[stormyskitten.github.io/CookieClickerUnblocked/img/goldCookie.png]
[stormyskitten.github.io/CookieClickerUnblocked/img/sparkles.jpg]
[stormyskitten.github.io/CookieClickerUnblocked/img/featherLeft.png]
[stormyskitten.github.io/CookieClickerUnblocked/img/featherRight.png]
[stormyskitten.github.io/CookieClickerUnblocked/img/ascendBox.png]
[stormyskitten.github.io/CookieClickerUnblocked/img/ascendInfo.png]
[stormyskitten.github.io/CookieClickerUnblocked/stylec164.css]
[stormyskitten.github.io/CookieClickerUnblocked/beta.html]
[stormyskitten.github.io/CookieClickerUnblocked/snd/tickOff.html]
[stormyskitten.github.io/CookieClickerUnblocked/img/tinyglobe.html]
