[backblue.gif]
[fade.gif]
[index.html]
[html-classic.itch.zone/html/1514220/TemplateData/favicon.ico]
[html-classic.itch.zone/html/1514220/TemplateData/style.css]
[html-classic.itch.zone/html/1514220/TemplateData/UnityProgress.js]
[html-classic.itch.zone/html/1514220/Build/UnityLoader.js]
[html-classic.itch.zone/html/1514220/indexaf55.html]
[static.itch.io/htmlgame.js]
[html-classic.itch.zone/html/1514220/TemplateData/progressLogo.Light.png]
[html-classic.itch.zone/html/1514220/TemplateData/progressEmpty.Light.png]
[html-classic.itch.zone/html/1514220/TemplateData/progressFull.Light.png]
[html-classic.itch.zone/html/1514220/TemplateData/progressLogo.Dark.png]
[html-classic.itch.zone/html/1514220/TemplateData/progressEmpty.Dark.png]
[html-classic.itch.zone/html/1514220/TemplateData/progressFull.Dark.png]
[html-classic.itch.zone/html/1514220/TemplateData/webgl-logo.png]
[html-classic.itch.zone/html/1514220/TemplateData/fullscreen.png]
[html-classic.itch.zone/html/1514220/TemplateData/style.css]
[static.itch.io/htmlgame.js]
